
Note: at toplevel:
  (scrutiny-tests-2.scm:14) in procedure call to `pair?', the predicate is called with an argument of type `pair' and will always return true

Note: at toplevel:
  (scrutiny-tests-2.scm:14) in procedure call to `pair?', the predicate is called with an argument of type `null' and will always return false

Note: at toplevel:
  (scrutiny-tests-2.scm:14) in procedure call to `pair?', the predicate is called with an argument of type `null' and will always return false

Note: at toplevel:
  (scrutiny-tests-2.scm:14) in procedure call to `pair?', the predicate is called with an argument of type `fixnum' and will always return false

Note: at toplevel:
  (scrutiny-tests-2.scm:14) in procedure call to `pair?', the predicate is called with an argument of type `float' and will always return false

Note: at toplevel:
  (scrutiny-tests-2.scm:21) in procedure call to `list?', the predicate is called with an argument of type `null' and will always return true

Note: at toplevel:
  (scrutiny-tests-2.scm:21) in procedure call to `list?', the predicate is called with an argument of type `null' and will always return true

Note: at toplevel:
  (scrutiny-tests-2.scm:21) in procedure call to `list?', the predicate is called with an argument of type `fixnum' and will always return false

Note: at toplevel:
  (scrutiny-tests-2.scm:21) in procedure call to `list?', the predicate is called with an argument of type `float' and will always return false

Note: at toplevel:
  (scrutiny-tests-2.scm:22) in procedure call to `null?', the predicate is called with an argument of type `null' and will always return true

Note: at toplevel:
  (scrutiny-tests-2.scm:22) in procedure call to `null?', the predicate is called with an argument of type `null' and will always return true

Note: at toplevel:
  (scrutiny-tests-2.scm:22) in procedure call to `null?', the predicate is called with an argument of type `pair' and will always return false

Note: at toplevel:
  (scrutiny-tests-2.scm:22) in procedure call to `null?', the predicate is called with an argument of type `fixnum' and will always return false

Note: at toplevel:
  (scrutiny-tests-2.scm:22) in procedure call to `null?', the predicate is called with an argument of type `float' and will always return false

Note: at toplevel:
  (scrutiny-tests-2.scm:23) in procedure call to `fixnum?', the predicate is called with an argument of type `fixnum' and will always return true

Note: at toplevel:
  (scrutiny-tests-2.scm:23) in procedure call to `fixnum?', the predicate is called with an argument of type `float' and will always return false

Note: at toplevel:
  (scrutiny-tests-2.scm:25) in procedure call to `flonum?', the predicate is called with an argument of type `float' and will always return true

Note: at toplevel:
  (scrutiny-tests-2.scm:25) in procedure call to `flonum?', the predicate is called with an argument of type `fixnum' and will always return false

Note: at toplevel:
  (scrutiny-tests-2.scm:27) in procedure call to `number?', the predicate is called with an argument of type `fixnum' and will always return true

Note: at toplevel:
  (scrutiny-tests-2.scm:27) in procedure call to `number?', the predicate is called with an argument of type `float' and will always return true

Note: at toplevel:
  (scrutiny-tests-2.scm:27) in procedure call to `number?', the predicate is called with an argument of type `number' and will always return true

Note: at toplevel:
  (scrutiny-tests-2.scm:27) in procedure call to `number?', the predicate is called with an argument of type `null' and will always return false
